<?xml version="1.0" encoding="utf-8"?><testsuites><testsuite name="pytest" errors="0" failures="0" skipped="0" tests="35" time="1.590" timestamp="2025-10-16T10:35:41.609013-03:00" hostname="Make-Ideapad3i"><testcase classname="src.tests.test_ccs_file_readers_service.TestFileReadersService" name="test_init" time="0.004" /><testcase classname="src.tests.test_ccs_file_readers_service.TestFileReadersService" name="test_billing_inflair_invoice_report_success" time="0.007" /><testcase classname="src.tests.test_ccs_file_readers_service.TestFileReadersService" name="test_billing_inflair_invoice_report_with_date_conversion" time="0.007" /><testcase classname="src.tests.test_ccs_file_readers_service.TestFileReadersService" name="test_billing_promeus_invoice_report_success" time="0.007" /><testcase classname="src.tests.test_ccs_file_readers_service.TestFileReadersService" name="test_billing_promeus_invoice_report_missing_columns" time="0.003" /><testcase classname="src.tests.test_ccs_file_readers_service.TestFileReadersService" name="test_billing_promeus_invoice_report_db_insertion_success" time="0.005" /><testcase classname="src.tests.test_ccs_file_readers_service.TestFileReadersService" name="test_billing_promeus_invoice_report_db_insertion_error" time="0.006" /><testcase classname="src.tests.test_ccs_file_readers_service.TestFileReadersService" name="test_billing_inflair_recon_report_csv_success" time="0.017" /><testcase classname="src.tests.test_ccs_file_readers_service.TestFileReadersService" name="test_billing_inflair_recon_report_excel_success" time="0.007" /><testcase classname="src.tests.test_ccs_file_readers_service.TestFileReadersService" name="test_billing_inflair_recon_report_unsupported_format" time="0.003" /><testcase classname="src.tests.test_ccs_file_readers_service.TestFileReadersService" name="test_billing_inflair_recon_report_db_insertion_success" time="0.029" /><testcase classname="src.tests.test_ccs_file_readers_service.TestFileReadersService" name="test_pricing_read_inflair_success" time="0.010" /><testcase classname="src.tests.test_ccs_file_readers_service.TestFileReadersService" name="test_pricing_read_promeus_with_flight_classes_success" time="0.006" /><testcase classname="src.tests.test_ccs_file_readers_service.TestFileReadersService" name="test_read_flight_class_mapping_success" time="0.007" /><testcase classname="src.tests.test_ccs_file_readers_service.TestFileReadersService" name="test_read_flight_class_mapping_db_insertion_success" time="0.005" /><testcase classname="src.tests.test_ccs_file_readers_service.TestFileReadersService" name="test_read_flight_number_mapping_success" time="0.007" /><testcase classname="src.tests.test_ccs_file_readers_service.TestFileReadersService" name="test_read_flight_number_mapping_missing_columns" time="0.005" /><testcase classname="src.tests.test_ccs_file_readers_service.TestFileReadersService" name="test_read_flight_number_mapping_db_insertion_success" time="0.009" /><testcase classname="src.tests.test_ccs_file_readers_service.TestUtilityFunctions" name="test_format_date_with_timestamp" time="0.001" /><testcase classname="src.tests.test_ccs_file_readers_service.TestUtilityFunctions" name="test_format_date_with_date_object" time="0.000" /><testcase classname="src.tests.test_ccs_file_readers_service.TestUtilityFunctions" name="test_format_date_with_string_dmY" time="0.002" /><testcase classname="src.tests.test_ccs_file_readers_service.TestUtilityFunctions" name="test_format_date_with_string_dmy" time="0.001" /><testcase classname="src.tests.test_ccs_file_readers_service.TestUtilityFunctions" name="test_format_date_with_invalid_string" time="0.001" /><testcase classname="src.tests.test_ccs_file_readers_service.TestUtilityFunctions" name="test_format_date_with_none" time="0.000" /><testcase classname="src.tests.test_ccs_file_readers_service.TestUtilityFunctions" name="test_format_date_with_empty_string" time="0.000" /><testcase classname="src.tests.test_ccs_file_readers_service.TestUtilityFunctions" name="test_group_data_by_class_success" time="0.000" /><testcase classname="src.tests.test_ccs_file_readers_service.TestUtilityFunctions" name="test_group_data_by_class_empty_data" time="0.000" /><testcase classname="src.tests.test_ccs_file_readers_service.TestUtilityFunctions" name="test_group_data_by_class_no_valid_data" time="0.001" /><testcase classname="src.tests.test_ccs_file_readers_service.TestUtilityFunctions" name="test_save_json_success" time="0.005" /><testcase classname="src.tests.test_ccs_file_readers_service.TestErrorHandling" name="test_billing_inflair_recon_report_csv_read_error" time="0.005" /><testcase classname="src.tests.test_ccs_file_readers_service.TestErrorHandling" name="test_read_flight_class_mapping_excel_error" time="0.004" /><testcase classname="src.tests.test_ccs_file_readers_service.TestErrorHandling" name="test_read_flight_number_mapping_excel_error" time="0.004" /><testcase classname="src.tests.test_ccs_file_readers_service.TestErrorHandling" name="test_billing_inflair_recon_report_db_insertion_error" time="0.008" /><testcase classname="src.tests.test_ccs_file_readers_service.TestErrorHandling" name="test_read_flight_class_mapping_db_insertion_error" time="0.005" /><testcase classname="src.tests.test_ccs_file_readers_service.TestErrorHandling" name="test_read_flight_number_mapping_db_insertion_error" time="0.009" /></testsuite></testsuites>
